  Geri y├╝klenecek projeler belirleniyor...
  Geri y├╝kleme i├ğin t├╝m projeler g├╝ncel.
  PuzzleGame.Domain -> C:\Users\wwwla\Documents\Github\PuzzleGame\Temp\bin\Debug\PuzzleGame.Domain.dll
  GoogleMobileAds.Editor -> C:\Users\wwwla\Documents\Github\PuzzleGame\Temp\bin\Debug\GoogleMobileAds.Editor.dll
  PuzzleGame.Application -> C:\Users\wwwla\Documents\Github\PuzzleGame\Temp\bin\Debug\PuzzleGame.Application.dll
  PuzzleGame.Infrastructure -> C:\Users\wwwla\Documents\Github\PuzzleGame\Temp\bin\Debug\PuzzleGame.Infrastructure.dll
  PuzzleGame.Presentation -> C:\Users\wwwla\Documents\Github\PuzzleGame\Temp\bin\Debug\PuzzleGame.Presentation.dll
  PuzzleGame.Tests.PlayMode -> C:\Users\wwwla\Documents\Github\PuzzleGame\Temp\bin\Debug\PuzzleGame.Tests.PlayMode.dll
  PuzzleGame.Composition -> C:\Users\wwwla\Documents\Github\PuzzleGame\Temp\bin\Debug\PuzzleGame.Composition.dll
  PuzzleGame.Editor -> C:\Users\wwwla\Documents\Github\PuzzleGame\Temp\bin\Debug\PuzzleGame.Editor.dll
  PuzzleGame.Tests -> C:\Users\wwwla\Documents\Github\PuzzleGame\Temp\bin\Debug\PuzzleGame.Tests.dll

Olu┼şturma ba┼şar─▒l─▒ oldu.
    0 Uyar─▒
    0 Hata

Ge├ğen S├╝re 00:00:05.41
